
> vibe-coding@0.1.0 test
> playwright test

[1A[2K[WebServer] Watchpack Error (watcher): Error: EMFILE: too many open files, watch

[1A[2K[WebServer] Watchpack Error (watcher): Error: EMFILE: too many open files, watch
Watchpack Error (watcher): Error: EMFILE: too many open files, watch

[1A[2K[WebServer] Watchpack Error (watcher): Error: EMFILE: too many open files, watch

[1A[2K[WebServer] Watchpack Error (watcher): Error: EMFILE: too many open files, watch

[1A[2K[WebServer] Watchpack Error (watcher): Error: EMFILE: too many open files, watch

[1A[2K[WebServer] Watchpack Error (watcher): Error: EMFILE: too many open files, watch

[1A[2K[WebServer] Watchpack Error (watcher): Error: EMFILE: too many open files, watch

[1A[2K[WebServer] Watchpack Error (watcher): Error: EMFILE: too many open files, watch

[1A[2K[WebServer] Watchpack Error (watcher): Error: EMFILE: too many open files, watch

[1A[2K[WebServer] Watchpack Error (watcher): Error: EMFILE: too many open files, watch

[1A[2K[WebServer] Watchpack Error (watcher): Error: EMFILE: too many open files, watch

[1A[2K[WebServer] Watchpack Error (watcher): Error: EMFILE: too many open files, watch

[1A[2K[WebServer] Watchpack Error (watcher): Error: EMFILE: too many open files, watch

[1A[2K[WebServer] Watchpack Error (watcher): Error: EMFILE: too many open files, watch

[1A[2K[WebServer] Watchpack Error (watcher): Error: EMFILE: too many open files, watch

[1A[2K[WebServer] Watchpack Error (watcher): Error: EMFILE: too many open files, watch

[1A[2K[WebServer] Watchpack Error (watcher): Error: EMFILE: too many open files, watch

[1A[2K[WebServer] Watchpack Error (watcher): Error: EMFILE: too many open files, watch

[1A[2K[WebServer] Watchpack Error (watcher): Error: EMFILE: too many open files, watch

[1A[2K[WebServer] Watchpack Error (watcher): Error: EMFILE: too many open files, watch

[1A[2K[WebServer] Watchpack Error (watcher): Error: EMFILE: too many open files, watch

[1A[2K[WebServer] Watchpack Error (watcher): Error: EMFILE: too many open files, watch

[1A[2K[WebServer] Watchpack Error (watcher): Error: EMFILE: too many open files, watch

[1A[2K[WebServer] Watchpack Error (watcher): Error: EMFILE: too many open files, watch

[1A[2K[WebServer] Watchpack Error (watcher): Error: EMFILE: too many open files, watch

[1A[2K[WebServer] Watchpack Error (watcher): Error: EMFILE: too many open files, watch

[1A[2K[WebServer] Watchpack Error (watcher): Error: EMFILE: too many open files, watch

[1A[2K[WebServer] Watchpack Error (watcher): Error: EMFILE: too many open files, watch

[1A[2K[WebServer] Watchpack Error (watcher): Error: EMFILE: too many open files, watch

[1A[2K[WebServer] Watchpack Error (watcher): Error: EMFILE: too many open files, watch

[1A[2K[WebServer] Watchpack Error (watcher): Error: EMFILE: too many open files, watch

[1A[2K[WebServer] Watchpack Error (watcher): Error: EMFILE: too many open files, watch

[1A[2K[WebServer] Watchpack Error (watcher): Error: EMFILE: too many open files, watch

[1A[2K[WebServer] Watchpack Error (watcher): Error: EMFILE: too many open files, watch

[1A[2K[WebServer] Watchpack Error (watcher): Error: EMFILE: too many open files, watch

[1A[2K[WebServer] Watchpack Error (watcher): Error: EMFILE: too many open files, watch

[1A[2K[WebServer] Watchpack Error (watcher): Error: EMFILE: too many open files, watch

[1A[2K[WebServer] Watchpack Error (watcher): Error: EMFILE: too many open files, watch

[1A[2K[WebServer] Watchpack Error (watcher): Error: EMFILE: too many open files, watch

[1A[2K[WebServer] Watchpack Error (watcher): Error: EMFILE: too many open files, watch

[1A[2K[WebServer] Watchpack Error (watcher): Error: EMFILE: too many open files, watch

[1A[2K[WebServer] Watchpack Error (watcher): Error: EMFILE: too many open files, watch

[1A[2K[WebServer] Watchpack Error (watcher): Error: EMFILE: too many open files, watch

[1A[2K[WebServer] Watchpack Error (watcher): Error: EMFILE: too many open files, watch

[1A[2K[WebServer] Watchpack Error (watcher): Error: EMFILE: too many open files, watch

[1A[2K[WebServer] Watchpack Error (watcher): Error: EMFILE: too many open files, watch

[1A[2K[WebServer] Watchpack Error (watcher): Error: EMFILE: too many open files, watch

[1A[2K[WebServer] Watchpack Error (watcher): Error: EMFILE: too many open files, watch

[1A[2K[WebServer] Watchpack Error (watcher): Error: EMFILE: too many open files, watch

[1A[2K[WebServer] Watchpack Error (watcher): Error: EMFILE: too many open files, watch

[1A[2K[WebServer] Watchpack Error (watcher): Error: EMFILE: too many open files, watch

[1A[2K[WebServer] Watchpack Error (watcher): Error: EMFILE: too many open files, watch

[1A[2K[WebServer] Watchpack Error (watcher): Error: EMFILE: too many open files, watch

[1A[2K[WebServer] Watchpack Error (watcher): Error: EMFILE: too many open files, watch

[1A[2K[WebServer] Watchpack Error (watcher): Error: EMFILE: too many open files, watch

[1A[2K[WebServer] Watchpack Error (watcher): Error: EMFILE: too many open files, watch

[1A[2K[WebServer] Watchpack Error (watcher): Error: EMFILE: too many open files, watch

[1A[2K[WebServer] Watchpack Error (watcher): Error: EMFILE: too many open files, watch

[1A[2K[WebServer] Watchpack Error (watcher): Error: EMFILE: too many open files, watch

[1A[2K[WebServer] Watchpack Error (watcher): Error: EMFILE: too many open files, watch

[1A[2K[WebServer] Watchpack Error (watcher): Error: EMFILE: too many open files, watch

[1A[2K[WebServer] Watchpack Error (watcher): Error: EMFILE: too many open files, watch

[1A[2K[WebServer] Watchpack Error (watcher): Error: EMFILE: too many open files, watch

[1A[2K[WebServer] Watchpack Error (watcher): Error: EMFILE: too many open files, watch

[1A[2K[WebServer] Watchpack Error (watcher): Error: EMFILE: too many open files, watch

[1A[2K[WebServer] Watchpack Error (watcher): Error: EMFILE: too many open files, watch

[1A[2K[WebServer] Watchpack Error (watcher): Error: EMFILE: too many open files, watch

[1A[2K[WebServer] Watchpack Error (watcher): Error: EMFILE: too many open files, watch

[1A[2K[WebServer] Watchpack Error (watcher): Error: EMFILE: too many open files, watch

Error: Timed out waiting 60000ms from config.webServer.

[1A[2K
To open last HTML report run:

  npx playwright show-report

